101.06.09 19:59 B C:\Talks\Web_based_stats\homeworks\An__Introduction__to_Xplore.doc <-- Sunfs /home/symanzik/public_html/teaching/2000_stat5810/homeworks An__Introduction__to_Xplore.doc
101.06.09 19:59 B C:\Talks\Web_based_stats\homeworks\Ann_Webstats-project3.xls <-- Sunfs /home/symanzik/public_html/teaching/2000_stat5810/homeworks Ann_Webstats-project3.xls
101.06.09 19:59 B C:\Talks\Web_based_stats\homeworks\Ann_Webstats-project3_mod.ps <-- Sunfs /home/symanzik/public_html/teaching/2000_stat5810/homeworks Ann_Webstats-project3_mod.ps
101.06.09 19:59 B C:\Talks\Web_based_stats\homeworks\Ann_Webstats-project3_mod.xls <-- Sunfs /home/symanzik/public_html/teaching/2000_stat5810/homeworks Ann_Webstats-project3_mod.xls
101.06.09 19:59 B C:\Talks\Web_based_stats\homeworks\homeworks.html <-- Sunfs /home/symanzik/public_html/teaching/2000_stat5810/homeworks homeworks.html
101.06.09 19:59 B C:\Talks\Web_based_stats\homeworks\hw01_ann.html <-- Sunfs /home/symanzik/public_html/teaching/2000_stat5810/homeworks hw01_ann.html
101.06.09 19:59 B C:\Talks\Web_based_stats\homeworks\hw01_bruce.html <-- Sunfs /home/symanzik/public_html/teaching/2000_stat5810/homeworks hw01_bruce.html
101.06.09 19:59 B C:\Talks\Web_based_stats\homeworks\hw01_gary.html <-- Sunfs /home/symanzik/public_html/teaching/2000_stat5810/homeworks hw01_gary.html
101.06.09 19:59 B C:\Talks\Web_based_stats\homeworks\hw01_jingjing.html <-- Sunfs /home/symanzik/public_html/teaching/2000_stat5810/homeworks hw01_jingjing.html
101.06.09 19:59 B C:\Talks\Web_based_stats\homeworks\hw01_qian.html <-- Sunfs /home/symanzik/public_html/teaching/2000_stat5810/homeworks hw01_qian.html
101.06.09 19:59 B C:\Talks\Web_based_stats\homeworks\hw01_roxanne_weiping.html <-- Sunfs /home/symanzik/public_html/teaching/2000_stat5810/homeworks hw01_roxanne_weiping.html
101.06.09 19:59 B C:\Talks\Web_based_stats\homeworks\hw02_ann.html <-- Sunfs /home/symanzik/public_html/teaching/2000_stat5810/homeworks hw02_ann.html
101.06.09 19:59 B C:\Talks\Web_based_stats\homeworks\hw02_bruce.html <-- Sunfs /home/symanzik/public_html/teaching/2000_stat5810/homeworks hw02_bruce.html
101.06.09 19:59 B C:\Talks\Web_based_stats\homeworks\hw02_jingjing.html <-- Sunfs /home/symanzik/public_html/teaching/2000_stat5810/homeworks hw02_jingjing.html
101.06.09 19:59 B C:\Talks\Web_based_stats\homeworks\hw02_qian.html <-- Sunfs /home/symanzik/public_html/teaching/2000_stat5810/homeworks hw02_qian.html
101.06.09 19:59 B C:\Talks\Web_based_stats\homeworks\hw02_roxanne_weiping.html <-- Sunfs /home/symanzik/public_html/teaching/2000_stat5810/homeworks hw02_roxanne_weiping.html
101.06.09 19:59 B C:\Talks\Web_based_stats\homeworks\hw03_ann.html <-- Sunfs /home/symanzik/public_html/teaching/2000_stat5810/homeworks hw03_ann.html
101.06.09 19:59 B C:\Talks\Web_based_stats\homeworks\hw03_bruce.html <-- Sunfs /home/symanzik/public_html/teaching/2000_stat5810/homeworks hw03_bruce.html
101.06.09 19:59 B C:\Talks\Web_based_stats\homeworks\hw03_glen.html <-- Sunfs /home/symanzik/public_html/teaching/2000_stat5810/homeworks hw03_glen.html
101.06.09 19:59 B C:\Talks\Web_based_stats\homeworks\hw03_jingjing.html <-- Sunfs /home/symanzik/public_html/teaching/2000_stat5810/homeworks hw03_jingjing.html
101.06.09 19:59 B C:\Talks\Web_based_stats\homeworks\hw03_qian.html <-- Sunfs /home/symanzik/public_html/teaching/2000_stat5810/homeworks hw03_qian.html
101.06.09 19:59 B C:\Talks\Web_based_stats\homeworks\hw03_roxanne.html <-- Sunfs /home/symanzik/public_html/teaching/2000_stat5810/homeworks hw03_roxanne.html
101.06.09 19:59 B C:\Talks\Web_based_stats\homeworks\hw03_weiping.html <-- Sunfs /home/symanzik/public_html/teaching/2000_stat5810/homeworks hw03_weiping.html
101.06.09 19:59 B C:\Talks\Web_based_stats\homeworks\hw04_bruce_ann.html <-- Sunfs /home/symanzik/public_html/teaching/2000_stat5810/homeworks hw04_bruce_ann.html
101.06.09 19:59 B C:\Talks\Web_based_stats\homeworks\hw04_jingjing01_homework4-w.doc <-- Sunfs /home/symanzik/public_html/teaching/2000_stat5810/homeworks hw04_jingjing01_homework4-w.doc
101.06.09 19:59 B C:\Talks\Web_based_stats\homeworks\hw04_jingjing02_homework4-w.doc <-- Sunfs /home/symanzik/public_html/teaching/2000_stat5810/homeworks hw04_jingjing02_homework4-w.doc
101.06.09 20:00 B C:\Talks\Web_based_stats\homeworks\hw04_jingjing_qian.html <-- Sunfs /home/symanzik/public_html/teaching/2000_stat5810/homeworks hw04_jingjing_qian.html
101.06.09 20:00 B C:\Talks\Web_based_stats\homeworks\hw04_roxanne_weiping.html <-- Sunfs /home/symanzik/public_html/teaching/2000_stat5810/homeworks hw04_roxanne_weiping.html
101.06.09 20:00 B C:\Talks\Web_based_stats\homeworks\hw05_ann_roxanne.html <-- Sunfs /home/symanzik/public_html/teaching/2000_stat5810/homeworks hw05_ann_roxanne.html
101.06.09 20:00 B C:\Talks\Web_based_stats\homeworks\hw05_ann_roxanne_Web-based_Stats_Homework5.txt <-- Sunfs /home/symanzik/public_html/teaching/2000_stat5810/homeworks hw05_ann_roxanne_Web-based_Stats_Homework5.txt
101.06.09 20:00 B C:\Talks\Web_based_stats\homeworks\hw05_bruce_glen.html <-- Sunfs /home/symanzik/public_html/teaching/2000_stat5810/homeworks hw05_bruce_glen.html
101.06.09 20:00 B C:\Talks\Web_based_stats\homeworks\hw05_jingjing_qian.html <-- Sunfs /home/symanzik/public_html/teaching/2000_stat5810/homeworks hw05_jingjing_qian.html
101.06.09 20:00 B C:\Talks\Web_based_stats\homeworks\hw05_jingjing_qian01.doc <-- Sunfs /home/symanzik/public_html/teaching/2000_stat5810/homeworks hw05_jingjing_qian01.doc
101.06.09 20:00 B C:\Talks\Web_based_stats\homeworks\hw05_jingjing_qian02.doc <-- Sunfs /home/symanzik/public_html/teaching/2000_stat5810/homeworks hw05_jingjing_qian02.doc
101.06.09 20:00 B C:\Talks\Web_based_stats\homeworks\hw05_weiping.html <-- Sunfs /home/symanzik/public_html/teaching/2000_stat5810/homeworks hw05_weiping.html
101.06.09 20:00 B C:\Talks\Web_based_stats\homeworks\hw05_weiping.tex <-- Sunfs /home/symanzik/public_html/teaching/2000_stat5810/homeworks hw05_weiping.tex
101.06.09 20:00 B C:\Talks\Web_based_stats\homeworks\hw05_weiping_2.tex <-- Sunfs /home/symanzik/public_html/teaching/2000_stat5810/homeworks hw05_weiping_2.tex
101.06.09 20:00 B C:\Talks\Web_based_stats\homeworks\hw06_II_ann.html <-- Sunfs /home/symanzik/public_html/teaching/2000_stat5810/homeworks hw06_II_ann.html
101.06.09 20:00 B C:\Talks\Web_based_stats\homeworks\hw06_II_ann_Web-based_Stats_Evaluations.doc <-- Sunfs /home/symanzik/public_html/teaching/2000_stat5810/homeworks hw06_II_ann_Web-based_Stats_Evaluations.doc
101.06.09 20:00 B C:\Talks\Web_based_stats\homeworks\hw06_II_glen.html <-- Sunfs /home/symanzik/public_html/teaching/2000_stat5810/homeworks hw06_II_glen.html
101.06.09 20:00 B C:\Talks\Web_based_stats\homeworks\hw06_II_glen01.tex <-- Sunfs /home/symanzik/public_html/teaching/2000_stat5810/homeworks hw06_II_glen01.tex
101.06.09 20:00 B C:\Talks\Web_based_stats\homeworks\hw06_II_glen02.tex <-- Sunfs /home/symanzik/public_html/teaching/2000_stat5810/homeworks hw06_II_glen02.tex
101.06.09 20:00 B C:\Talks\Web_based_stats\homeworks\hw06_II_glen03.tex <-- Sunfs /home/symanzik/public_html/teaching/2000_stat5810/homeworks hw06_II_glen03.tex
101.06.09 20:00 B C:\Talks\Web_based_stats\homeworks\hw06_II_glen04.tex <-- Sunfs /home/symanzik/public_html/teaching/2000_stat5810/homeworks hw06_II_glen04.tex
101.06.09 20:00 B C:\Talks\Web_based_stats\homeworks\hw06_II_jingjing.html <-- Sunfs /home/symanzik/public_html/teaching/2000_stat5810/homeworks hw06_II_jingjing.html
101.06.09 20:00 B C:\Talks\Web_based_stats\homeworks\hw06_II_jingjing_Homework6-yhrev.doc <-- Sunfs /home/symanzik/public_html/teaching/2000_stat5810/homeworks hw06_II_jingjing_Homework6-yhrev.doc
101.06.09 20:00 B C:\Talks\Web_based_stats\homeworks\hw06_II_qian.doc <-- Sunfs /home/symanzik/public_html/teaching/2000_stat5810/homeworks hw06_II_qian.doc
101.06.09 20:00 B C:\Talks\Web_based_stats\homeworks\hw06_II_qian.html <-- Sunfs /home/symanzik/public_html/teaching/2000_stat5810/homeworks hw06_II_qian.html
101.06.09 20:00 B C:\Talks\Web_based_stats\homeworks\hw06_II_roxanne.html <-- Sunfs /home/symanzik/public_html/teaching/2000_stat5810/homeworks hw06_II_roxanne.html
101.06.09 20:00 B C:\Talks\Web_based_stats\homeworks\hw06_II_roxanne.tex <-- Sunfs /home/symanzik/public_html/teaching/2000_stat5810/homeworks hw06_II_roxanne.tex
101.06.09 20:00 B C:\Talks\Web_based_stats\homeworks\hw06_II_weiping.html <-- Sunfs /home/symanzik/public_html/teaching/2000_stat5810/homeworks hw06_II_weiping.html
101.06.09 20:00 B C:\Talks\Web_based_stats\homeworks\hw06_II_weiping.tex <-- Sunfs /home/symanzik/public_html/teaching/2000_stat5810/homeworks hw06_II_weiping.tex
101.06.09 20:00 B C:\Talks\Web_based_stats\homeworks\hw06_III_ann_roxanne.html <-- Sunfs /home/symanzik/public_html/teaching/2000_stat5810/homeworks hw06_III_ann_roxanne.html
101.06.09 20:00 B C:\Talks\Web_based_stats\homeworks\hw06_III_ann_roxanne_web-based_lecture_on_probability.doc <-- Sunfs /home/symanzik/public_html/teaching/2000_stat5810/homeworks hw06_III_ann_roxanne_web-based_lecture_on_probability.doc
101.06.09 20:00 B C:\Talks\Web_based_stats\homeworks\hw06_III_glen.html <-- Sunfs /home/symanzik/public_html/teaching/2000_stat5810/homeworks hw06_III_glen.html
101.06.09 20:00 B C:\Talks\Web_based_stats\homeworks\hw06_III_jingjing_qian.htm <-- Sunfs /home/symanzik/public_html/teaching/2000_stat5810/homeworks hw06_III_jingjing_qian.htm
101.06.09 20:00 B C:\Talks\Web_based_stats\homeworks\hw06_III_qian_jingjing_HW_6III.doc <-- Sunfs /home/symanzik/public_html/teaching/2000_stat5810/homeworks hw06_III_qian_jingjing_HW_6III.doc
101.06.09 20:00 B C:\Talks\Web_based_stats\homeworks\hw06_III_weiping.html <-- Sunfs /home/symanzik/public_html/teaching/2000_stat5810/homeworks hw06_III_weiping.html
101.06.09 20:00 B C:\Talks\Web_based_stats\homeworks\hw06_III_weiping.tex <-- Sunfs /home/symanzik/public_html/teaching/2000_stat5810/homeworks hw06_III_weiping.tex
101.06.09 20:00 B C:\Talks\Web_based_stats\homeworks\hw07_ann_et_al(2).htm <-- Sunfs /home/symanzik/public_html/teaching/2000_stat5810/homeworks hw07_ann_et_al(2).htm
101.06.09 20:00 B C:\Talks\Web_based_stats\homeworks\hw07_ann_et_al.htm <-- Sunfs /home/symanzik/public_html/teaching/2000_stat5810/homeworks hw07_ann_et_al.htm
101.06.09 20:01 B C:\Talks\Web_based_stats\homeworks\hw07_ann_et_al_Web-based_Stats_Homework7.doc <-- Sunfs /home/symanzik/public_html/teaching/2000_stat5810/homeworks hw07_ann_et_al_Web-based_Stats_Homework7.doc
101.06.09 20:01 B C:\Talks\Web_based_stats\homeworks\hw07_annetal_new_Web-based_Stats_Homework7.doc <-- Sunfs /home/symanzik/public_html/teaching/2000_stat5810/homeworks hw07_annetal_new_Web-based_Stats_Homework7.doc
101.06.09 20:01 B C:\Talks\Web_based_stats\homeworks\hw07_roxanne_et_al.htm <-- Sunfs /home/symanzik/public_html/teaching/2000_stat5810/homeworks hw07_roxanne_et_al.htm
101.06.09 20:01 B C:\Talks\Web_based_stats\homeworks\hw07_roxanne_weiping.tex <-- Sunfs /home/symanzik/public_html/teaching/2000_stat5810/homeworks hw07_roxanne_weiping.tex
101.06.09 20:01 B C:\Talks\Web_based_stats\homeworks\hw08_ann.html <-- Sunfs /home/symanzik/public_html/teaching/2000_stat5810/homeworks hw08_ann.html
101.06.09 20:01 B C:\Talks\Web_based_stats\homeworks\hw08_ann_Web-based_Stats.doc <-- Sunfs /home/symanzik/public_html/teaching/2000_stat5810/homeworks hw08_ann_Web-based_Stats.doc
101.06.09 20:01 B C:\Talks\Web_based_stats\homeworks\hw08_glen.html <-- Sunfs /home/symanzik/public_html/teaching/2000_stat5810/homeworks hw08_glen.html
101.06.09 20:01 B C:\Talks\Web_based_stats\homeworks\hw08_glen.tex <-- Sunfs /home/symanzik/public_html/teaching/2000_stat5810/homeworks hw08_glen.tex
101.06.09 20:01 B C:\Talks\Web_based_stats\homeworks\hw08_glen2.tex <-- Sunfs /home/symanzik/public_html/teaching/2000_stat5810/homeworks hw08_glen2.tex
101.06.09 20:01 B C:\Talks\Web_based_stats\homeworks\hw08_jingjing.html <-- Sunfs /home/symanzik/public_html/teaching/2000_stat5810/homeworks hw08_jingjing.html
101.06.09 20:01 B C:\Talks\Web_based_stats\homeworks\hw08_jingjing_hw8-new.doc <-- Sunfs /home/symanzik/public_html/teaching/2000_stat5810/homeworks hw08_jingjing_hw8-new.doc
101.06.09 20:01 B C:\Talks\Web_based_stats\homeworks\hw08_qian.doc <-- Sunfs /home/symanzik/public_html/teaching/2000_stat5810/homeworks hw08_qian.doc
101.06.09 20:01 B C:\Talks\Web_based_stats\homeworks\hw08_qian.htm <-- Sunfs /home/symanzik/public_html/teaching/2000_stat5810/homeworks hw08_qian.htm
101.06.09 20:01 B C:\Talks\Web_based_stats\homeworks\hw08_roxanne.html <-- Sunfs /home/symanzik/public_html/teaching/2000_stat5810/homeworks hw08_roxanne.html
101.06.09 20:01 B C:\Talks\Web_based_stats\homeworks\hw08_roxanne.tex <-- Sunfs /home/symanzik/public_html/teaching/2000_stat5810/homeworks hw08_roxanne.tex
101.06.09 20:01 B C:\Talks\Web_based_stats\homeworks\hw08_weiping.doc <-- Sunfs /home/symanzik/public_html/teaching/2000_stat5810/homeworks hw08_weiping.doc
101.06.09 20:01 B C:\Talks\Web_based_stats\homeworks\hw08_weiping.html <-- Sunfs /home/symanzik/public_html/teaching/2000_stat5810/homeworks hw08_weiping.html
101.06.09 20:01 B C:\Talks\Web_based_stats\homeworks\hw09_ann_Web-based_Stats_Homework9.doc <-- Sunfs /home/symanzik/public_html/teaching/2000_stat5810/homeworks hw09_ann_Web-based_Stats_Homework9.doc
101.06.09 20:01 B C:\Talks\Web_based_stats\homeworks\hw09_II_ann.htm <-- Sunfs /home/symanzik/public_html/teaching/2000_stat5810/homeworks hw09_II_ann.htm
101.06.09 20:01 B C:\Talks\Web_based_stats\homeworks\hw09_II_glen.html <-- Sunfs /home/symanzik/public_html/teaching/2000_stat5810/homeworks hw09_II_glen.html
101.06.09 20:01 B C:\Talks\Web_based_stats\homeworks\hw09_II_glen_1.tex <-- Sunfs /home/symanzik/public_html/teaching/2000_stat5810/homeworks hw09_II_glen_1.tex
101.06.09 20:01 B C:\Talks\Web_based_stats\homeworks\hw09_II_jingjing.html <-- Sunfs /home/symanzik/public_html/teaching/2000_stat5810/homeworks hw09_II_jingjing.html
101.06.09 20:01 B C:\Talks\Web_based_stats\homeworks\hw09_II_jingjing_HW9_II.doc <-- Sunfs /home/symanzik/public_html/teaching/2000_stat5810/homeworks hw09_II_jingjing_HW9_II.doc
101.06.09 20:01 B C:\Talks\Web_based_stats\homeworks\hw09_II_qian.html <-- Sunfs /home/symanzik/public_html/teaching/2000_stat5810/homeworks hw09_II_qian.html
101.06.09 20:01 B C:\Talks\Web_based_stats\homeworks\hw09_II_qian.tex <-- Sunfs /home/symanzik/public_html/teaching/2000_stat5810/homeworks hw09_II_qian.tex
101.06.09 20:01 B C:\Talks\Web_based_stats\homeworks\hw09_II_roxanne.html <-- Sunfs /home/symanzik/public_html/teaching/2000_stat5810/homeworks hw09_II_roxanne.html
101.06.09 20:01 B C:\Talks\Web_based_stats\homeworks\hw09_II_weiping.htm <-- Sunfs /home/symanzik/public_html/teaching/2000_stat5810/homeworks hw09_II_weiping.htm
101.06.09 20:01 B C:\Talks\Web_based_stats\homeworks\hw09_II_weiping_HW_9__2_.doc <-- Sunfs /home/symanzik/public_html/teaching/2000_stat5810/homeworks hw09_II_weiping_HW_9__2_.doc
101.06.09 20:01 B C:\Talks\Web_based_stats\homeworks\hw10_ann.htm <-- Sunfs /home/symanzik/public_html/teaching/2000_stat5810/homeworks hw10_ann.htm
101.06.09 20:01 B C:\Talks\Web_based_stats\homeworks\hw10_glen.htm <-- Sunfs /home/symanzik/public_html/teaching/2000_stat5810/homeworks hw10_glen.htm
101.06.09 20:01 B C:\Talks\Web_based_stats\homeworks\hw10_glen.tex <-- Sunfs /home/symanzik/public_html/teaching/2000_stat5810/homeworks hw10_glen.tex
101.06.09 20:01 B C:\Talks\Web_based_stats\homeworks\hw10_jingjing.htm <-- Sunfs /home/symanzik/public_html/teaching/2000_stat5810/homeworks hw10_jingjing.htm
101.06.09 20:03 B C:\Talks\Web_based_stats\homeworks\hw10_jingjing_Hw10.doc <-- Sunfs /home/symanzik/public_html/teaching/2000_stat5810/homeworks hw10_jingjing_Hw10.doc
101.06.09 20:03 B C:\Talks\Web_based_stats\homeworks\hw10_qian.html <-- Sunfs /home/symanzik/public_html/teaching/2000_stat5810/homeworks hw10_qian.html
101.06.09 20:03 B C:\Talks\Web_based_stats\homeworks\hw10_qian.tex <-- Sunfs /home/symanzik/public_html/teaching/2000_stat5810/homeworks hw10_qian.tex
101.06.09 20:03 B C:\Talks\Web_based_stats\homeworks\hw10_roxanne.html <-- Sunfs /home/symanzik/public_html/teaching/2000_stat5810/homeworks hw10_roxanne.html
101.06.09 20:03 B C:\Talks\Web_based_stats\homeworks\hw10_roxanne_1.tex <-- Sunfs /home/symanzik/public_html/teaching/2000_stat5810/homeworks hw10_roxanne_1.tex
101.06.09 20:03 B C:\Talks\Web_based_stats\homeworks\hw10_roxanne_2scatterplot.doc <-- Sunfs /home/symanzik/public_html/teaching/2000_stat5810/homeworks hw10_roxanne_2scatterplot.doc
101.06.09 20:03 B C:\Talks\Web_based_stats\homeworks\hw10_weiping.doc <-- Sunfs /home/symanzik/public_html/teaching/2000_stat5810/homeworks hw10_weiping.doc
101.06.09 20:03 B C:\Talks\Web_based_stats\homeworks\hw10_weiping.htm <-- Sunfs /home/symanzik/public_html/teaching/2000_stat5810/homeworks hw10_weiping.htm
101.06.09 20:03 B C:\Talks\Web_based_stats\homeworks\hw11_ann.htm <-- Sunfs /home/symanzik/public_html/teaching/2000_stat5810/homeworks hw11_ann.htm
101.06.09 20:03 B C:\Talks\Web_based_stats\homeworks\hw11_ann_WebStats__homework11.doc <-- Sunfs /home/symanzik/public_html/teaching/2000_stat5810/homeworks hw11_ann_WebStats__homework11.doc
101.06.09 20:03 B C:\Talks\Web_based_stats\homeworks\hw11_glen.html <-- Sunfs /home/symanzik/public_html/teaching/2000_stat5810/homeworks hw11_glen.html
101.06.09 20:03 B C:\Talks\Web_based_stats\homeworks\hw11_glen.tex <-- Sunfs /home/symanzik/public_html/teaching/2000_stat5810/homeworks hw11_glen.tex
101.06.09 20:03 B C:\Talks\Web_based_stats\homeworks\hw11_jingjing.htm <-- Sunfs /home/symanzik/public_html/teaching/2000_stat5810/homeworks hw11_jingjing.htm
101.06.09 20:03 B C:\Talks\Web_based_stats\homeworks\hw11_jingjing_new.doc <-- Sunfs /home/symanzik/public_html/teaching/2000_stat5810/homeworks hw11_jingjing_new.doc
101.06.09 20:03 B C:\Talks\Web_based_stats\homeworks\hw11_qian.doc <-- Sunfs /home/symanzik/public_html/teaching/2000_stat5810/homeworks hw11_qian.doc
101.06.09 20:03 B C:\Talks\Web_based_stats\homeworks\hw11_qian.html <-- Sunfs /home/symanzik/public_html/teaching/2000_stat5810/homeworks hw11_qian.html
101.06.09 20:04 B C:\Talks\Web_based_stats\homeworks\hw11_weiping.doc <-- Sunfs /home/symanzik/public_html/teaching/2000_stat5810/homeworks hw11_weiping.doc
101.06.09 20:04 B C:\Talks\Web_based_stats\homeworks\hw11_weiping.htm <-- Sunfs /home/symanzik/public_html/teaching/2000_stat5810/homeworks hw11_weiping.htm
101.06.09 20:04 B C:\Talks\Web_based_stats\homeworks\hw12_ann.htm <-- Sunfs /home/symanzik/public_html/teaching/2000_stat5810/homeworks hw12_ann.htm
101.06.09 20:04 B C:\Talks\Web_based_stats\homeworks\hw12_ann_WebStats__homework12.doc <-- Sunfs /home/symanzik/public_html/teaching/2000_stat5810/homeworks hw12_ann_WebStats__homework12.doc
101.06.09 20:04 B C:\Talks\Web_based_stats\homeworks\hw12_glen.html <-- Sunfs /home/symanzik/public_html/teaching/2000_stat5810/homeworks hw12_glen.html
101.06.09 20:04 B C:\Talks\Web_based_stats\homeworks\hw12_glen.tex <-- Sunfs /home/symanzik/public_html/teaching/2000_stat5810/homeworks hw12_glen.tex
101.06.09 20:04 B C:\Talks\Web_based_stats\homeworks\hw12_jingjing.doc <-- Sunfs /home/symanzik/public_html/teaching/2000_stat5810/homeworks hw12_jingjing.doc
101.06.09 20:04 B C:\Talks\Web_based_stats\homeworks\hw12_jingjing.htm <-- Sunfs /home/symanzik/public_html/teaching/2000_stat5810/homeworks hw12_jingjing.htm
101.06.09 20:04 B C:\Talks\Web_based_stats\homeworks\hw12_qian.doc <-- Sunfs /home/symanzik/public_html/teaching/2000_stat5810/homeworks hw12_qian.doc
101.06.09 20:04 B C:\Talks\Web_based_stats\homeworks\hw12_qian.htm <-- Sunfs /home/symanzik/public_html/teaching/2000_stat5810/homeworks hw12_qian.htm
101.06.09 20:04 B C:\Talks\Web_based_stats\homeworks\hw12_roxanne.htm <-- Sunfs /home/symanzik/public_html/teaching/2000_stat5810/homeworks hw12_roxanne.htm
101.06.09 20:04 B C:\Talks\Web_based_stats\homeworks\hw12_weiping.doc <-- Sunfs /home/symanzik/public_html/teaching/2000_stat5810/homeworks hw12_weiping.doc
101.06.09 20:04 B C:\Talks\Web_based_stats\homeworks\hw12_weiping.htm <-- Sunfs /home/symanzik/public_html/teaching/2000_stat5810/homeworks hw12_weiping.htm
101.06.09 20:04 B C:\Talks\Web_based_stats\homeworks\hwxx_jingjinghomework3.doc <-- Sunfs /home/symanzik/public_html/teaching/2000_stat5810/homeworks hwxx_jingjinghomework3.doc
101.06.09 20:04 B C:\Talks\Web_based_stats\homeworks\hwxx_qian.doc <-- Sunfs /home/symanzik/public_html/teaching/2000_stat5810/homeworks hwxx_qian.doc
101.06.09 20:04 B C:\Talks\Web_based_stats\homeworks\Image36.gif <-- Sunfs /home/symanzik/public_html/teaching/2000_stat5810/homeworks Image36.gif
101.06.09 20:04 B C:\Talks\Web_based_stats\homeworks\Image37.gif <-- Sunfs /home/symanzik/public_html/teaching/2000_stat5810/homeworks Image37.gif
101.06.09 20:04 B C:\Talks\Web_based_stats\homeworks\Image38.gif <-- Sunfs /home/symanzik/public_html/teaching/2000_stat5810/homeworks Image38.gif
101.06.09 20:04 B C:\Talks\Web_based_stats\homeworks\Image39.gif <-- Sunfs /home/symanzik/public_html/teaching/2000_stat5810/homeworks Image39.gif
101.06.09 20:04 B C:\Talks\Web_based_stats\homeworks\Image40.gif <-- Sunfs /home/symanzik/public_html/teaching/2000_stat5810/homeworks Image40.gif
101.06.09 20:04 B C:\Talks\Web_based_stats\homeworks\Image41.gif <-- Sunfs /home/symanzik/public_html/teaching/2000_stat5810/homeworks Image41.gif
101.06.09 20:04 B C:\Talks\Web_based_stats\homeworks\Image42.gif <-- Sunfs /home/symanzik/public_html/teaching/2000_stat5810/homeworks Image42.gif
101.06.09 20:04 B C:\Talks\Web_based_stats\homeworks\Image43.gif <-- Sunfs /home/symanzik/public_html/teaching/2000_stat5810/homeworks Image43.gif
101.06.09 20:04 B C:\Talks\Web_based_stats\homeworks\Image44.gif <-- Sunfs /home/symanzik/public_html/teaching/2000_stat5810/homeworks Image44.gif
101.06.09 20:05 B C:\Talks\Web_based_stats\homeworks\Image45.gif <-- Sunfs /home/symanzik/public_html/teaching/2000_stat5810/homeworks Image45.gif
101.06.09 20:05 B C:\Talks\Web_based_stats\homeworks\Image46.gif <-- Sunfs /home/symanzik/public_html/teaching/2000_stat5810/homeworks Image46.gif
101.06.09 20:05 B C:\Talks\Web_based_stats\homeworks\Image47.gif <-- Sunfs /home/symanzik/public_html/teaching/2000_stat5810/homeworks Image47.gif
101.06.09 20:05 B C:\Talks\Web_based_stats\homeworks\Image48.gif <-- Sunfs /home/symanzik/public_html/teaching/2000_stat5810/homeworks Image48.gif
101.06.09 20:05 B C:\Talks\Web_based_stats\homeworks\Image49.gif <-- Sunfs /home/symanzik/public_html/teaching/2000_stat5810/homeworks Image49.gif
101.06.09 20:05 B C:\Talks\Web_based_stats\homeworks\Image50.gif <-- Sunfs /home/symanzik/public_html/teaching/2000_stat5810/homeworks Image50.gif
101.06.09 20:05 B C:\Talks\Web_based_stats\homeworks\Image51.gif <-- Sunfs /home/symanzik/public_html/teaching/2000_stat5810/homeworks Image51.gif
101.06.09 20:05 B C:\Talks\Web_based_stats\homeworks\Image52.gif <-- Sunfs /home/symanzik/public_html/teaching/2000_stat5810/homeworks Image52.gif
101.06.09 20:05 B C:\Talks\Web_based_stats\homeworks\Image53.gif <-- Sunfs /home/symanzik/public_html/teaching/2000_stat5810/homeworks Image53.gif
101.06.09 20:06 B C:\Talks\Web_based_stats\homeworks\Image54.gif <-- Sunfs /home/symanzik/public_html/teaching/2000_stat5810/homeworks Image54.gif
101.06.09 20:06 B C:\Talks\Web_based_stats\homeworks\Image55.gif <-- Sunfs /home/symanzik/public_html/teaching/2000_stat5810/homeworks Image55.gif
101.06.09 20:06 B C:\Talks\Web_based_stats\homeworks\Image56.gif <-- Sunfs /home/symanzik/public_html/teaching/2000_stat5810/homeworks Image56.gif
101.06.09 20:06 B C:\Talks\Web_based_stats\homeworks\Image57.gif <-- Sunfs /home/symanzik/public_html/teaching/2000_stat5810/homeworks Image57.gif
101.06.09 20:06 B C:\Talks\Web_based_stats\homeworks\NEWhw08_qian.doc <-- Sunfs /home/symanzik/public_html/teaching/2000_stat5810/homeworks NEWhw08_qian.doc
101.06.09 20:06 B C:\Talks\Web_based_stats\homeworks\NEWroxanne_Stat_5820_Web_based_Statistics.doc <-- Sunfs /home/symanzik/public_html/teaching/2000_stat5810/homeworks NEWroxanne_Stat_5820_Web_based_Statistics.doc
101.06.09 20:06 B C:\Talks\Web_based_stats\homeworks\qian.ps <-- Sunfs /home/symanzik/public_html/teaching/2000_stat5810/homeworks qian.ps
101.06.09 20:06 B C:\Talks\Web_based_stats\homeworks\Roxanne_Handout_for_the_Web.doc <-- Sunfs /home/symanzik/public_html/teaching/2000_stat5810/homeworks Roxanne_Handout_for_the_Web.doc
101.06.09 20:06 B C:\Talks\Web_based_stats\homeworks\Statletslecture.tex <-- Sunfs /home/symanzik/public_html/teaching/2000_stat5810/homeworks Statletslecture.tex
101.06.09 20:06 B C:\Talks\Web_based_stats\homeworks\su2_ann.tex <-- Sunfs /home/symanzik/public_html/teaching/2000_stat5810/homeworks su2_ann.tex
101.06.09 20:06 B C:\Talks\Web_based_stats\homeworks\su2_jingjing.tex <-- Sunfs /home/symanzik/public_html/teaching/2000_stat5810/homeworks su2_jingjing.tex
101.06.09 20:06 B C:\Talks\Web_based_stats\homeworks\su2_qian.tex <-- Sunfs /home/symanzik/public_html/teaching/2000_stat5810/homeworks su2_qian.tex
101.06.09 20:06 B C:\Talks\Web_based_stats\homeworks\su2_roxanne.tex <-- Sunfs /home/symanzik/public_html/teaching/2000_stat5810/homeworks su2_roxanne.tex
101.06.09 20:06 B C:\Talks\Web_based_stats\homeworks\su2_weiping.tex <-- Sunfs /home/symanzik/public_html/teaching/2000_stat5810/homeworks su2_weiping.tex
101.06.09 20:06 B C:\Talks\Web_based_stats\homeworks\su_ann.tex <-- Sunfs /home/symanzik/public_html/teaching/2000_stat5810/homeworks su_ann.tex
101.06.09 20:06 B C:\Talks\Web_based_stats\homeworks\su_bruce.tex <-- Sunfs /home/symanzik/public_html/teaching/2000_stat5810/homeworks su_bruce.tex
101.06.09 20:06 B C:\Talks\Web_based_stats\homeworks\su_gary.tex <-- Sunfs /home/symanzik/public_html/teaching/2000_stat5810/homeworks su_gary.tex
101.06.09 20:06 B C:\Talks\Web_based_stats\homeworks\su_glen.tex <-- Sunfs /home/symanzik/public_html/teaching/2000_stat5810/homeworks su_glen.tex
101.06.09 20:06 B C:\Talks\Web_based_stats\homeworks\su_jingjing.tex <-- Sunfs /home/symanzik/public_html/teaching/2000_stat5810/homeworks su_jingjing.tex
101.06.09 20:06 B C:\Talks\Web_based_stats\homeworks\su_jingjing2.tex <-- Sunfs /home/symanzik/public_html/teaching/2000_stat5810/homeworks su_jingjing2.tex
101.06.09 20:06 B C:\Talks\Web_based_stats\homeworks\su_nancy.tex <-- Sunfs /home/symanzik/public_html/teaching/2000_stat5810/homeworks su_nancy.tex
101.06.09 20:06 B C:\Talks\Web_based_stats\homeworks\su_qian_Survey.doc <-- Sunfs /home/symanzik/public_html/teaching/2000_stat5810/homeworks su_qian_Survey.doc
101.06.09 20:06 B C:\Talks\Web_based_stats\homeworks\su_roxanne.tex <-- Sunfs /home/symanzik/public_html/teaching/2000_stat5810/homeworks su_roxanne.tex
101.06.09 20:06 B C:\Talks\Web_based_stats\homeworks\su_weiping.tex <-- Sunfs /home/symanzik/public_html/teaching/2000_stat5810/homeworks su_weiping.tex
101.06.09 20:06 B C:\Talks\Web_based_stats\homeworks\Webstats_lecture.doc <-- Sunfs /home/symanzik/public_html/teaching/2000_stat5810/homeworks Webstats_lecture.doc
